I'm sorry, but errors were detected in your script. Please correct the
errors listed below, and try again.


File "game/phone/definitions/01definitions.rpy", line 30: end of line expected.
    define "Jlo":
                ^

Ren'Py Version: Ren'Py 8.1.3.23091805
Thu Feb  8 13:59:47 2024
